nohup: /var/tmp/logd: No such file or directory
nohup: /var/tmp/logd: No such file or directory
nohup: /var/tmp/logd: No such file or directory
nohup: /var/tmp/logd: No such file or directory
nohup: /var/tmp/logd: No such file or directory
nohup: /var/tmp/logd: No such file or directory
nohup: /var/tmp/logd: No such file or directory
nohup: /var/tmp/logd: No such file or directory
nohup: /var/tmp/logd: No such file or directory
nohup: /var/tmp/logd: No such file or directory
nohup: /var/tmp/logd: No such file or directory
nohup: /var/tmp/logd: No such file or directory
nohup: /var/tmp/logd: No such file or directory
nohup: /var/tmp/logd: No such file or directory
nohup: /var/tmp/logd: No such file or directory
nohup: /var/tmp/logd: No such file or directory
nohup: /var/tmp/logd: No such file or directory
nohup: /var/tmp/logd: No such file or directory
nohup: /var/tmp/logd: No such file or directory
nohup: /var/tmp/logdnohup: : No such file or directory
/var/tmp/logd: No such file or directory
nohup: /var/tmp/logd: No such file or directory
nohup: /var/tmp/logd: No such file or directory
nohup: /var/tmp/logd: No such file or directory
nohup: /var/tmp/logd: No such file or directory
nohup: /var/tmp/logd: No such file or directory
nohup: /var/tmp/logd: No such file or directory
nohup: /var/tmp/logd: No such file or directory
nohup: /var/tmp/logd: No such file or directory
nohup: /var/tmp/logd: No such file or directory
nohup: /var/tmp/logd: No such file or directory
nohup: /var/tmp/logd: No such file or directory
nohup: /var/tmp/logd: No such file or directory
nohup: /var/tmp/logd: No such file or directory
nohup: /var/tmp/logd: No such file or directory
nohup: /var/tmp/logd: No such file or directory
nohup: /var/tmp/logd: No such file or directory
nohup: /var/tmp/logd: No such file or directory
nohup: /var/tmp/logd: nohup: No such file or directory
/var/tmp/logd: No such file or directory
nohup: /var/tmp/logd: No such file or directory
nohup: /var/tmp/logd: No such file or directory
nohup: /var/tmp/logd: No such file or directory
nohup: /var/tmp/logd: No such file or directory
nohup: /var/tmp/logd: No such file or directory
nohup: /var/tmp/logd: No such file or directory
nohup: /var/tmp/logd: No such file or directory
nohup: /var/tmp/logd: No such file or directory
nohup: /var/tmp/logd: No such file or directory
nohup: /var/tmp/logd: No such file or directory
nohup: /var/tmp/logd: No such file or directory
nohup: /var/tmp/logd: No such file or directory
nohup: /var/tmp/logd: No such file or directory
nohup: /var/tmp/logd: No such file or directory
nohup: /var/tmp/logd: No such file or directory
nohup: nohup: /var/tmp/logd: /var/tmp/logdNo such file or directory
: No such file or directory
nohup: /var/tmp/logd: No such file or directory
nohup: /var/tmp/logd: No such file or directory
nohup: /var/tmp/logd: No such file or directory
nohup: /var/tmp/logd: No such file or directory
nohup: /var/tmp/logd: No such file or directory
nohup: /var/tmp/logd: No such file or directory
nohup: /var/tmp/logd: No such file or directory
nohup: /var/tmp/logd: No such file or directory
nohup: /var/tmp/logd: No such file or directory
nohup: /var/tmp/logd: No such file or directory
nohup: /var/tmp/logd: No such file or directory
nohup: /var/tmp/logd: No such file or directory
nohup: nohup: /var/tmp/logd: nohup: No such file or directory
/var/tmp/logd/var/tmp/logdnohup: : : nohup: nohup: No such file or directory
No such file or directory
/var/tmp/logd: No such file or directory
/var/tmp/logd: No such file or directory
/var/tmp/logd: No such file or directory
nohup: /var/tmp/logd: No such file or directory
nohup: /var/tmp/logd: No such file or directory
nohup: nohup: nohup: /var/tmp/logd: nohup: /var/tmp/logdNo such file or directory
: /var/tmp/logd/var/tmp/logdNo such file or directory
: No such file or directory
: No such file or directory
nohup: /var/tmp/logd: No such file or directory
nohup: /var/tmp/logd: No such file or directory
nohup: /var/tmp/logd: No such file or directory
nohup: /var/tmp/logd: No such file or directory
nohup: /var/tmp/logd: No such file or directory
nohup: /var/tmp/logd: No such file or directory
nohup: /var/tmp/logd: No such file or directory
nohup: /var/tmp/logd: No such file or directory
nohup: /var/tmp/logd: No such file or directory
nohup: /var/tmp/logd: No such file or directory
nohup: /var/tmp/logd: No such file or directory
